// Jest Snapshot v1, https://goo.gl/fbAQLP

exports[`never changes 1`] = `
<h1>
  RobotFriends
</h1>
`;
